passed: 
SIMPLE: 
simple(340), 

R: 
add(9350), sub(9190), sll(9910), slt(9230), sltu(9230), xor(9790), srl(10170), sra(10290), or(9810), and(9750), 

I: 
lb(4590), lh(4830), lw(5030), lbu(4590), lhu(4970), addi(4530), sltiu(4430), xori(3830), ori(3790), andi(3650), slli(4510), srli(4690), slti(4430), srai(4810), 

S: 
sb(8530), sh(9590), sw(9730), 

B: 
beq(6310), bne(6390), blt(6310), bge(7030), bltu(6810), bgeu(7530), 

U: 
lui(750), auipc(690), 

J: 
jal(630), jalr(2050)

failed: none

tbd: fence.i, ecall, ebreak